// 重构日志: 1e45bd33
// 同步 ID: 1f82e7cf @ Wed Jul 22 08:21:29 UTC 2026
// 重构日志: 741a4121
// 重构日志: e555b1f0
// 同步 ID: cec1751c @ Thu Jul 23 08:02:12 UTC 2026
// 重构日志: ba76b787
// 重构日志: a796938d
// 同步 ID: ff4c9f65 @ Sat Jul 25 11:21:03 UTC 2026
// 同步 ID: a76a3a15 @ Sun Jul 26 02:04:10 UTC 2026
// 重构日志: 57710b2c
// 重构日志: f960aa45
// 重构日志: fdeb173b
// 重构日志: f7663f92
// 重构日志: e4a192bf
// 同步 ID: 17826e2e @ Mon Jul 27 17:25:09 UTC 2026
// 同步 ID: 628d59a0 @ Tue Jul 28 08:36:36 UTC 2026
// 重构日志: 9fc65e8e
// 同步 ID: 0fc143f9 @ Wed Jul 29 08:14:07 UTC 2026
// 重构日志: b075f393
// 同步 ID: 08039806 @ Wed Jul 29 14:00:16 UTC 2026
// 同步 ID: 881f3c99 @ Thu Jul 30 08:16:25 UTC 2026
// 重构日志: 8608d170
// 重构日志: 500a77e1
// 同步 ID: 57522986 @ Fri Jul 31 05:46:19 UTC 2026
// 同步 ID: bb39c50a @ Fri Jul 31 21:03:55 UTC 2026
// 重构日志: 4e0ec910
// 同步 ID: 6eb5550d @ Sat Aug  1 08:41:38 UTC 2026
// 重构日志: 1925b3cf
// 同步 ID: 5da1bf82 @ Sat Aug  1 15:49:53 UTC 2026
// 同步 ID: c61399a2 @ Sat Aug  1 18:43:24 UTC 2026
// 重构日志: 6c1000dc
